../mtk3_bsp2/mtkernel/kernel/tkernel/deviceio.c:825:10:sendevt_alldevice	32	static
../mtk3_bsp2/mtkernel/kernel/tkernel/deviceio.c:37:15:knl_GetResCB	8	static
../mtk3_bsp2/mtkernel/kernel/tkernel/deviceio.c:55:11:knl_check_devdesc	0	static
../mtk3_bsp2/mtkernel/kernel/tkernel/deviceio.c:80:13:knl_delOpnCB	0	static
../mtk3_bsp2/mtkernel/kernel/tkernel/deviceio.c:94:13:knl_delReqCB	0	static
../mtk3_bsp2/mtkernel/kernel/tkernel/deviceio.c:107:13:knl_chkopen	0	static
../mtk3_bsp2/mtkernel/kernel/tkernel/deviceio.c:211:12:tk_opn_dev	56	static
../mtk3_bsp2/mtkernel/kernel/tkernel/deviceio.c:399:11:knl_close_device	48	static
../mtk3_bsp2/mtkernel/kernel/tkernel/deviceio.c:457:12:tk_cls_dev	24	static
../mtk3_bsp2/mtkernel/kernel/tkernel/deviceio.c:507:11:knl_request	56	static
../mtk3_bsp2/mtkernel/kernel/tkernel/deviceio.c:595:12:tk_rea_dev	16	static
../mtk3_bsp2/mtkernel/kernel/tkernel/deviceio.c:630:12:tk_wri_dev	16	static
../mtk3_bsp2/mtkernel/kernel/tkernel/deviceio.c:683:12:tk_wai_dev	56	static
../mtk3_bsp2/mtkernel/kernel/tkernel/deviceio.c:607:12:tk_srea_dev	32	static
../mtk3_bsp2/mtkernel/kernel/tkernel/deviceio.c:642:12:tk_swri_dev	32	static
../mtk3_bsp2/mtkernel/kernel/tkernel/deviceio.c:902:13:tk_sus_dev	16	static
../mtk3_bsp2/mtkernel/kernel/tkernel/deviceio.c:972:13:knl_devmgr_startup	8	static
../mtk3_bsp2/mtkernel/kernel/tkernel/deviceio.c:988:13:knl_devmgr_cleanup	24	static
../mtk3_bsp2/mtkernel/kernel/tkernel/deviceio.c:1025:11:knl_initDevIO	8	static
../mtk3_bsp2/mtkernel/kernel/tkernel/deviceio.c:1047:11:knl_finishDevIO	0	static
