C:/Users/iniad/STM32CubeIDE/workspace_2/mtk3bsp2_stm32n657/FSBL/Drivers/STM32N6xx_HAL_Driver/Inc/stm32n6xx_ll_bus.h:679:22:LL_MEM_EnableClock	8	static
C:/Users/iniad/STM32CubeIDE/workspace_2/mtk3bsp2_stm32n657/FSBL/Drivers/STM32N6xx_HAL_Driver/Inc/stm32n6xx_ll_bus.h:785:22:LL_MEM_EnableClockLowPower	8	static
C:/Users/iniad/STM32CubeIDE/workspace_2/mtk3bsp2_stm32n657/FSBL/Drivers/STM32N6xx_HAL_Driver/Inc/stm32n6xx_ll_bus.h:1755:22:LL_AHB5_GRP1_EnableClock	8	static
C:/Users/iniad/STM32CubeIDE/workspace_2/mtk3bsp2_stm32n657/FSBL/Drivers/STM32N6xx_HAL_Driver/Inc/stm32n6xx_ll_bus.h:2065:22:LL_AHB5_GRP1_EnableClockLowPower	8	static
../X-CUBE-AI/App/app_x-cube-ai.c:145:6:MX_X_CUBE_AI_Init	40	static,ignoring_inline_asm
../X-CUBE-AI/App/app_x-cube-ai.c:176:6:MX_X_CUBE_AI_Process	16	static
