../Core/Src/npu_support.c:57:9:LL_Switch_Init	8	static
../Core/Src/npu_support.c:88:9:LL_ATON_LIB_Concat	16	static
../Core/Src/npu_support.c:132:9:LL_ATON_LIB_DMA_DepthToSpace	104	static
../Core/Src/npu_support.c:189:9:LL_ATON_LIB_Pad	32	static
../Core/Src/npu_support.c:250:9:ll_sw_forward_arith	48	static
../Core/Src/npu_support.c:346:9:ll_sw_forward_pool	120	static
../Core/Src/npu_support.c:426:6:NPU_Support_Init	0	static
../Core/Src/npu_support.c:440:13:NPU_Support_GetVersion	0	static
../Core/Src/npu_support.c:449:6:NPU_Support_IsInitialized	0	static
