../mtk3_bsp2/sysdepend/stm32_cube/lib/libtk/cpu/stm32n6/int_stm32n6.c:81:13:EnableInt	0	static
../mtk3_bsp2/sysdepend/stm32_cube/lib/libtk/cpu/stm32n6/int_stm32n6.c:93:13:DisableInt	0	static
../mtk3_bsp2/sysdepend/stm32_cube/lib/libtk/cpu/stm32n6/int_stm32n6.c:105:13:ClearInt	8	static
../mtk3_bsp2/sysdepend/stm32_cube/lib/libtk/cpu/stm32n6/int_stm32n6.c:117:13:EndOfInt	0	static
../mtk3_bsp2/sysdepend/stm32_cube/lib/libtk/cpu/stm32n6/int_stm32n6.c:125:13:CheckInt	0	static
../mtk3_bsp2/sysdepend/stm32_cube/lib/libtk/cpu/stm32n6/int_stm32n6.c:142:13:SetIntMode	0	static
