../../Drivers/STM32N6xx_HAL_Driver/Inc/stm32n6xx_ll_rcc.h:1751:22:LL_RCC_HSE_SelectHSEAsDiv2Clock	4	static
../../Drivers/STM32N6xx_HAL_Driver/Inc/stm32n6xx_ll_rcc.h:1761:22:LL_RCC_HSE_SelectHSEDiv2AsDiv2Clock	4	static
../../Drivers/STM32N6xx_HAL_Driver/Inc/stm32n6xx_ll_rcc.h:1771:26:LL_RCC_HSE_IsSelectedHSEDiv2AsDiv2Clock	4	static
../../Drivers/STM32N6xx_HAL_Driver/Inc/stm32n6xx_ll_rcc.h:1801:26:LL_RCC_HSE_IsReady	4	static
../../Drivers/STM32N6xx_HAL_Driver/Inc/stm32n6xx_ll_rcc.h:1839:26:LL_RCC_HSI_IsReady	4	static
../../Drivers/STM32N6xx_HAL_Driver/Inc/stm32n6xx_ll_rcc.h:1868:26:LL_RCC_HSI_GetDivider	4	static
../../Drivers/STM32N6xx_HAL_Driver/Inc/stm32n6xx_ll_rcc.h:1973:26:LL_RCC_MSI_IsReady	4	static
../../Drivers/STM32N6xx_HAL_Driver/Inc/stm32n6xx_ll_rcc.h:1998:26:LL_RCC_MSI_GetFrequency	4	static
../../Drivers/STM32N6xx_HAL_Driver/Inc/stm32n6xx_ll_rcc.h:2086:22:LL_RCC_LSE_EnableCSS	4	static
../../Drivers/STM32N6xx_HAL_Driver/Inc/stm32n6xx_ll_rcc.h:2098:22:LL_RCC_LSE_DisableCSS	4	static
../../Drivers/STM32N6xx_HAL_Driver/Inc/stm32n6xx_ll_rcc.h:2120:22:LL_RCC_LSE_ReArmCSS	4	static
../../Drivers/STM32N6xx_HAL_Driver/Inc/stm32n6xx_ll_rcc.h:2224:26:LL_RCC_LSE_IsReady	4	static
../../Drivers/STM32N6xx_HAL_Driver/Inc/stm32n6xx_ll_rcc.h:2294:26:LL_RCC_LSI_IsReady	4	static
../../Drivers/STM32N6xx_HAL_Driver/Inc/stm32n6xx_ll_rcc.h:2373:22:LL_RCC_SetSysWakeUpClkSource	16	static
../../Drivers/STM32N6xx_HAL_Driver/Inc/stm32n6xx_ll_rcc.h:2422:26:LL_RCC_GetAHBPrescaler	4	static
../../Drivers/STM32N6xx_HAL_Driver/Inc/stm32n6xx_ll_rcc.h:2459:26:LL_RCC_GetAPB1Prescaler	4	static
../../Drivers/STM32N6xx_HAL_Driver/Inc/stm32n6xx_ll_rcc.h:2496:26:LL_RCC_GetAPB2Prescaler	4	static
../../Drivers/STM32N6xx_HAL_Driver/Inc/stm32n6xx_ll_rcc.h:2533:26:LL_RCC_GetAPB4Prescaler	4	static
../../Drivers/STM32N6xx_HAL_Driver/Inc/stm32n6xx_ll_rcc.h:2570:26:LL_RCC_GetAPB5Prescaler	4	static
../../Drivers/STM32N6xx_HAL_Driver/Inc/stm32n6xx_ll_rcc.h:2925:22:LL_RCC_SetClockSource	24	static
../../Drivers/STM32N6xx_HAL_Driver/Inc/stm32n6xx_ll_rcc.h:2947:26:LL_RCC_GetADCPrescaler	4	static
../../Drivers/STM32N6xx_HAL_Driver/Inc/stm32n6xx_ll_rcc.h:2985:22:LL_RCC_SetADFClockSource	16	static
../../Drivers/STM32N6xx_HAL_Driver/Inc/stm32n6xx_ll_rcc.h:3004:22:LL_RCC_SetCLKPClockSource	16	static
../../Drivers/STM32N6xx_HAL_Driver/Inc/stm32n6xx_ll_rcc.h:3019:22:LL_RCC_SetDCMIPPClockSource	16	static
../../Drivers/STM32N6xx_HAL_Driver/Inc/stm32n6xx_ll_rcc.h:3034:22:LL_RCC_SetETHClockSource	16	static
../../Drivers/STM32N6xx_HAL_Driver/Inc/stm32n6xx_ll_rcc.h:3063:22:LL_RCC_SetETHPHYInterface	16	static
../../Drivers/STM32N6xx_HAL_Driver/Inc/stm32n6xx_ll_rcc.h:3116:26:LL_RCC_GetETH1PTPDivider	4	static
../../Drivers/STM32N6xx_HAL_Driver/Inc/stm32n6xx_ll_rcc.h:3129:22:LL_RCC_SetETHREFRXClockSource	16	static
../../Drivers/STM32N6xx_HAL_Driver/Inc/stm32n6xx_ll_rcc.h:3142:22:LL_RCC_SetETHREFTXClockSource	16	static
../../Drivers/STM32N6xx_HAL_Driver/Inc/stm32n6xx_ll_rcc.h:3157:22:LL_RCC_SetFDCANClockSource	16	static
../../Drivers/STM32N6xx_HAL_Driver/Inc/stm32n6xx_ll_rcc.h:3172:22:LL_RCC_SetFMCClockSource	16	static
../../Drivers/STM32N6xx_HAL_Driver/Inc/stm32n6xx_ll_rcc.h:3210:22:LL_RCC_SetI2CClockSource	16	static
../../Drivers/STM32N6xx_HAL_Driver/Inc/stm32n6xx_ll_rcc.h:3234:22:LL_RCC_SetI3CClockSource	16	static
../../Drivers/STM32N6xx_HAL_Driver/Inc/stm32n6xx_ll_rcc.h:3279:22:LL_RCC_SetLPTIMClockSource	16	static
../../Drivers/STM32N6xx_HAL_Driver/Inc/stm32n6xx_ll_rcc.h:3297:22:LL_RCC_SetLPUARTClockSource	16	static
../../Drivers/STM32N6xx_HAL_Driver/Inc/stm32n6xx_ll_rcc.h:3312:22:LL_RCC_SetLTDCClockSource	16	static
../../Drivers/STM32N6xx_HAL_Driver/Inc/stm32n6xx_ll_rcc.h:3331:22:LL_RCC_SetMDFClockSource	16	static
../../Drivers/STM32N6xx_HAL_Driver/Inc/stm32n6xx_ll_rcc.h:3351:22:LL_RCC_SetOTGPHYClockSource	16	static
../../Drivers/STM32N6xx_HAL_Driver/Inc/stm32n6xx_ll_rcc.h:3367:22:LL_RCC_SetOTGPHYCKREFClockSource	16	static
../../Drivers/STM32N6xx_HAL_Driver/Inc/stm32n6xx_ll_rcc.h:3382:22:LL_RCC_SetPSSIClockSource	16	static
../../Drivers/STM32N6xx_HAL_Driver/Inc/stm32n6xx_ll_rcc.h:3410:22:LL_RCC_SetSAIClockSource	16	static
../../Drivers/STM32N6xx_HAL_Driver/Inc/stm32n6xx_ll_rcc.h:3430:22:LL_RCC_SetSDMMCClockSource	16	static
../../Drivers/STM32N6xx_HAL_Driver/Inc/stm32n6xx_ll_rcc.h:3448:22:LL_RCC_SetSPDIFRXClockSource	16	static
../../Drivers/STM32N6xx_HAL_Driver/Inc/stm32n6xx_ll_rcc.h:3506:22:LL_RCC_SetSPIClockSource	16	static
../../Drivers/STM32N6xx_HAL_Driver/Inc/stm32n6xx_ll_rcc.h:3556:22:LL_RCC_SetUSARTClockSource	16	static
../../Drivers/STM32N6xx_HAL_Driver/Inc/stm32n6xx_ll_rcc.h:3657:22:LL_RCC_SetXSPIClockSource	16	static
../../Drivers/STM32N6xx_HAL_Driver/Inc/stm32n6xx_ll_rcc.h:3942:26:LL_RCC_GetClockSource	24	static
../../Drivers/STM32N6xx_HAL_Driver/Inc/stm32n6xx_ll_rcc.h:3963:26:LL_RCC_GetADCClockSource	16	static
../../Drivers/STM32N6xx_HAL_Driver/Inc/stm32n6xx_ll_rcc.h:3984:26:LL_RCC_GetADFClockSource	16	static
../../Drivers/STM32N6xx_HAL_Driver/Inc/stm32n6xx_ll_rcc.h:4005:26:LL_RCC_GetCLKPClockSource	16	static
../../Drivers/STM32N6xx_HAL_Driver/Inc/stm32n6xx_ll_rcc.h:4022:26:LL_RCC_GetDCMIPPClockSource	16	static
../../Drivers/STM32N6xx_HAL_Driver/Inc/stm32n6xx_ll_rcc.h:4039:26:LL_RCC_GetETHClockSource	16	static
../../Drivers/STM32N6xx_HAL_Driver/Inc/stm32n6xx_ll_rcc.h:4056:26:LL_RCC_GetETHPTPClockSource	16	static
../../Drivers/STM32N6xx_HAL_Driver/Inc/stm32n6xx_ll_rcc.h:4072:26:LL_RCC_GetETHPHYInterface	16	static
../../Drivers/STM32N6xx_HAL_Driver/Inc/stm32n6xx_ll_rcc.h:4087:26:LL_RCC_GetETHREFRXClockSource	16	static
../../Drivers/STM32N6xx_HAL_Driver/Inc/stm32n6xx_ll_rcc.h:4102:26:LL_RCC_GetETHREFTXClockSource	16	static
../../Drivers/STM32N6xx_HAL_Driver/Inc/stm32n6xx_ll_rcc.h:4119:26:LL_RCC_GetFDCANClockSource	16	static
../../Drivers/STM32N6xx_HAL_Driver/Inc/stm32n6xx_ll_rcc.h:4136:26:LL_RCC_GetFMCClockSource	16	static
../../Drivers/STM32N6xx_HAL_Driver/Inc/stm32n6xx_ll_rcc.h:4179:26:LL_RCC_GetI2CClockSource	16	static
../../Drivers/STM32N6xx_HAL_Driver/Inc/stm32n6xx_ll_rcc.h:4205:26:LL_RCC_GetI3CClockSource	16	static
../../Drivers/STM32N6xx_HAL_Driver/Inc/stm32n6xx_ll_rcc.h:4257:26:LL_RCC_GetLPTIMClockSource	16	static
../../Drivers/STM32N6xx_HAL_Driver/Inc/stm32n6xx_ll_rcc.h:4276:26:LL_RCC_GetLPUARTClockSource	16	static
../../Drivers/STM32N6xx_HAL_Driver/Inc/stm32n6xx_ll_rcc.h:4293:26:LL_RCC_GetLTDCClockSource	16	static
../../Drivers/STM32N6xx_HAL_Driver/Inc/stm32n6xx_ll_rcc.h:4314:26:LL_RCC_GetMDFClockSource	16	static
../../Drivers/STM32N6xx_HAL_Driver/Inc/stm32n6xx_ll_rcc.h:4337:26:LL_RCC_GetOTGPHYClockSource	16	static
../../Drivers/STM32N6xx_HAL_Driver/Inc/stm32n6xx_ll_rcc.h:4355:26:LL_RCC_GetOTGPHYCKREFClockSource	16	static
../../Drivers/STM32N6xx_HAL_Driver/Inc/stm32n6xx_ll_rcc.h:4371:26:LL_RCC_GetPSSIClockSource	16	static
../../Drivers/STM32N6xx_HAL_Driver/Inc/stm32n6xx_ll_rcc.h:4402:26:LL_RCC_GetSAIClockSource	16	static
../../Drivers/STM32N6xx_HAL_Driver/Inc/stm32n6xx_ll_rcc.h:4424:26:LL_RCC_GetSDMMCClockSource	16	static
../../Drivers/STM32N6xx_HAL_Driver/Inc/stm32n6xx_ll_rcc.h:4443:26:LL_RCC_GetSPDIFRXClockSource	16	static
../../Drivers/STM32N6xx_HAL_Driver/Inc/stm32n6xx_ll_rcc.h:4508:26:LL_RCC_GetSPIClockSource	16	static
../../Drivers/STM32N6xx_HAL_Driver/Inc/stm32n6xx_ll_rcc.h:4563:26:LL_RCC_GetUSARTClockSource	16	static
../../Drivers/STM32N6xx_HAL_Driver/Inc/stm32n6xx_ll_rcc.h:4619:26:LL_RCC_GetUARTClockSource	16	static
../../Drivers/STM32N6xx_HAL_Driver/Inc/stm32n6xx_ll_rcc.h:4649:26:LL_RCC_GetUSBClockSource	16	static
../../Drivers/STM32N6xx_HAL_Driver/Inc/stm32n6xx_ll_rcc.h:4678:26:LL_RCC_GetXSPIClockSource	16	static
../../Drivers/STM32N6xx_HAL_Driver/Inc/stm32n6xx_ll_rcc.h:4705:22:LL_RCC_SetRTCClockSource	16	static
../../Drivers/STM32N6xx_HAL_Driver/Inc/stm32n6xx_ll_rcc.h:4719:26:LL_RCC_GetRTCClockSource	4	static
../../Drivers/STM32N6xx_HAL_Driver/Inc/stm32n6xx_ll_rcc.h:4843:22:LL_RCC_SetRTC_HSEPrescaler	16	static
../../Drivers/STM32N6xx_HAL_Driver/Inc/stm32n6xx_ll_rcc.h:4939:22:LL_RCC_SetTIMPrescaler	16	static
../../Drivers/STM32N6xx_HAL_Driver/Inc/stm32n6xx_ll_rcc.h:4953:26:LL_RCC_GetTIMPrescaler	4	static
../../Drivers/STM32N6xx_HAL_Driver/Inc/stm32n6xx_ll_rcc.h:4991:26:LL_RCC_PLL1_GetSource	4	static
../../Drivers/STM32N6xx_HAL_Driver/Inc/stm32n6xx_ll_rcc.h:5022:26:LL_RCC_PLL1_IsReady	4	static
../../Drivers/STM32N6xx_HAL_Driver/Inc/stm32n6xx_ll_rcc.h:5054:26:LL_RCC_PLL1_IsEnabledBypass	4	static
../../Drivers/STM32N6xx_HAL_Driver/Inc/stm32n6xx_ll_rcc.h:5195:26:LL_RCC_PLL1_GetN	4	static
../../Drivers/STM32N6xx_HAL_Driver/Inc/stm32n6xx_ll_rcc.h:5216:26:LL_RCC_PLL1_GetM	4	static
../../Drivers/STM32N6xx_HAL_Driver/Inc/stm32n6xx_ll_rcc.h:5237:26:LL_RCC_PLL1_GetP1	4	static
../../Drivers/STM32N6xx_HAL_Driver/Inc/stm32n6xx_ll_rcc.h:5258:26:LL_RCC_PLL1_GetP2	4	static
../../Drivers/STM32N6xx_HAL_Driver/Inc/stm32n6xx_ll_rcc.h:5290:26:LL_RCC_PLL1P_IsEnabled	4	static
../../Drivers/STM32N6xx_HAL_Driver/Inc/stm32n6xx_ll_rcc.h:5311:26:LL_RCC_PLL1_GetFRACN	4	static
../../Drivers/STM32N6xx_HAL_Driver/Inc/stm32n6xx_ll_rcc.h:5341:26:LL_RCC_PLL2_GetSource	4	static
../../Drivers/STM32N6xx_HAL_Driver/Inc/stm32n6xx_ll_rcc.h:5372:26:LL_RCC_PLL2_IsReady	4	static
../../Drivers/STM32N6xx_HAL_Driver/Inc/stm32n6xx_ll_rcc.h:5404:26:LL_RCC_PLL2_IsEnabledBypass	4	static
../../Drivers/STM32N6xx_HAL_Driver/Inc/stm32n6xx_ll_rcc.h:5545:26:LL_RCC_PLL2_GetN	4	static
../../Drivers/STM32N6xx_HAL_Driver/Inc/stm32n6xx_ll_rcc.h:5566:26:LL_RCC_PLL2_GetM	4	static
../../Drivers/STM32N6xx_HAL_Driver/Inc/stm32n6xx_ll_rcc.h:5587:26:LL_RCC_PLL2_GetP1	4	static
../../Drivers/STM32N6xx_HAL_Driver/Inc/stm32n6xx_ll_rcc.h:5608:26:LL_RCC_PLL2_GetP2	4	static
../../Drivers/STM32N6xx_HAL_Driver/Inc/stm32n6xx_ll_rcc.h:5640:26:LL_RCC_PLL2P_IsEnabled	4	static
../../Drivers/STM32N6xx_HAL_Driver/Inc/stm32n6xx_ll_rcc.h:5661:26:LL_RCC_PLL2_GetFRACN	4	static
../../Drivers/STM32N6xx_HAL_Driver/Inc/stm32n6xx_ll_rcc.h:5691:26:LL_RCC_PLL3_GetSource	4	static
../../Drivers/STM32N6xx_HAL_Driver/Inc/stm32n6xx_ll_rcc.h:5722:26:LL_RCC_PLL3_IsReady	4	static
../../Drivers/STM32N6xx_HAL_Driver/Inc/stm32n6xx_ll_rcc.h:5754:26:LL_RCC_PLL3_IsEnabledBypass	4	static
../../Drivers/STM32N6xx_HAL_Driver/Inc/stm32n6xx_ll_rcc.h:5895:26:LL_RCC_PLL3_GetN	4	static
../../Drivers/STM32N6xx_HAL_Driver/Inc/stm32n6xx_ll_rcc.h:5916:26:LL_RCC_PLL3_GetM	4	static
../../Drivers/STM32N6xx_HAL_Driver/Inc/stm32n6xx_ll_rcc.h:5937:26:LL_RCC_PLL3_GetP1	4	static
../../Drivers/STM32N6xx_HAL_Driver/Inc/stm32n6xx_ll_rcc.h:5958:26:LL_RCC_PLL3_GetP2	4	static
../../Drivers/STM32N6xx_HAL_Driver/Inc/stm32n6xx_ll_rcc.h:5990:26:LL_RCC_PLL3P_IsEnabled	4	static
../../Drivers/STM32N6xx_HAL_Driver/Inc/stm32n6xx_ll_rcc.h:6011:26:LL_RCC_PLL3_GetFRACN	4	static
../../Drivers/STM32N6xx_HAL_Driver/Inc/stm32n6xx_ll_rcc.h:6041:26:LL_RCC_PLL4_GetSource	4	static
../../Drivers/STM32N6xx_HAL_Driver/Inc/stm32n6xx_ll_rcc.h:6072:26:LL_RCC_PLL4_IsReady	4	static
../../Drivers/STM32N6xx_HAL_Driver/Inc/stm32n6xx_ll_rcc.h:6104:26:LL_RCC_PLL4_IsEnabledBypass	4	static
../../Drivers/STM32N6xx_HAL_Driver/Inc/stm32n6xx_ll_rcc.h:6245:26:LL_RCC_PLL4_GetN	4	static
../../Drivers/STM32N6xx_HAL_Driver/Inc/stm32n6xx_ll_rcc.h:6266:26:LL_RCC_PLL4_GetM	4	static
../../Drivers/STM32N6xx_HAL_Driver/Inc/stm32n6xx_ll_rcc.h:6287:26:LL_RCC_PLL4_GetP1	4	static
../../Drivers/STM32N6xx_HAL_Driver/Inc/stm32n6xx_ll_rcc.h:6308:26:LL_RCC_PLL4_GetP2	4	static
../../Drivers/STM32N6xx_HAL_Driver/Inc/stm32n6xx_ll_rcc.h:6340:26:LL_RCC_PLL4P_IsEnabled	4	static
../../Drivers/STM32N6xx_HAL_Driver/Inc/stm32n6xx_ll_rcc.h:6361:26:LL_RCC_PLL4_GetFRACN	4	static
../../Drivers/STM32N6xx_HAL_Driver/Inc/stm32n6xx_ll_rcc.h:6531:22:LL_RCC_IC3_Enable	4	static
../../Drivers/STM32N6xx_HAL_Driver/Inc/stm32n6xx_ll_rcc.h:6551:26:LL_RCC_IC3_IsEnabled	4	static
../../Drivers/STM32N6xx_HAL_Driver/Inc/stm32n6xx_ll_rcc.h:6580:26:LL_RCC_IC3_GetSource	4	static
../../Drivers/STM32N6xx_HAL_Driver/Inc/stm32n6xx_ll_rcc.h:6601:26:LL_RCC_IC3_GetDivider	4	static
../../Drivers/STM32N6xx_HAL_Driver/Inc/stm32n6xx_ll_rcc.h:6611:22:LL_RCC_IC4_Enable	4	static
../../Drivers/STM32N6xx_HAL_Driver/Inc/stm32n6xx_ll_rcc.h:6631:26:LL_RCC_IC4_IsEnabled	4	static
../../Drivers/STM32N6xx_HAL_Driver/Inc/stm32n6xx_ll_rcc.h:6660:26:LL_RCC_IC4_GetSource	4	static
../../Drivers/STM32N6xx_HAL_Driver/Inc/stm32n6xx_ll_rcc.h:6681:26:LL_RCC_IC4_GetDivider	4	static
../../Drivers/STM32N6xx_HAL_Driver/Inc/stm32n6xx_ll_rcc.h:6691:22:LL_RCC_IC5_Enable	4	static
../../Drivers/STM32N6xx_HAL_Driver/Inc/stm32n6xx_ll_rcc.h:6711:26:LL_RCC_IC5_IsEnabled	4	static
../../Drivers/STM32N6xx_HAL_Driver/Inc/stm32n6xx_ll_rcc.h:6740:26:LL_RCC_IC5_GetSource	4	static
../../Drivers/STM32N6xx_HAL_Driver/Inc/stm32n6xx_ll_rcc.h:6761:26:LL_RCC_IC5_GetDivider	4	static
../../Drivers/STM32N6xx_HAL_Driver/Inc/stm32n6xx_ll_rcc.h:6851:22:LL_RCC_IC7_Enable	4	static
../../Drivers/STM32N6xx_HAL_Driver/Inc/stm32n6xx_ll_rcc.h:6871:26:LL_RCC_IC7_IsEnabled	4	static
../../Drivers/STM32N6xx_HAL_Driver/Inc/stm32n6xx_ll_rcc.h:6900:26:LL_RCC_IC7_GetSource	4	static
../../Drivers/STM32N6xx_HAL_Driver/Inc/stm32n6xx_ll_rcc.h:6921:26:LL_RCC_IC7_GetDivider	4	static
../../Drivers/STM32N6xx_HAL_Driver/Inc/stm32n6xx_ll_rcc.h:6931:22:LL_RCC_IC8_Enable	4	static
../../Drivers/STM32N6xx_HAL_Driver/Inc/stm32n6xx_ll_rcc.h:6951:26:LL_RCC_IC8_IsEnabled	4	static
../../Drivers/STM32N6xx_HAL_Driver/Inc/stm32n6xx_ll_rcc.h:6980:26:LL_RCC_IC8_GetSource	4	static
../../Drivers/STM32N6xx_HAL_Driver/Inc/stm32n6xx_ll_rcc.h:7001:26:LL_RCC_IC8_GetDivider	4	static
../../Drivers/STM32N6xx_HAL_Driver/Inc/stm32n6xx_ll_rcc.h:7011:22:LL_RCC_IC9_Enable	4	static
../../Drivers/STM32N6xx_HAL_Driver/Inc/stm32n6xx_ll_rcc.h:7031:26:LL_RCC_IC9_IsEnabled	4	static
../../Drivers/STM32N6xx_HAL_Driver/Inc/stm32n6xx_ll_rcc.h:7060:26:LL_RCC_IC9_GetSource	4	static
../../Drivers/STM32N6xx_HAL_Driver/Inc/stm32n6xx_ll_rcc.h:7081:26:LL_RCC_IC9_GetDivider	4	static
../../Drivers/STM32N6xx_HAL_Driver/Inc/stm32n6xx_ll_rcc.h:7091:22:LL_RCC_IC10_Enable	4	static
../../Drivers/STM32N6xx_HAL_Driver/Inc/stm32n6xx_ll_rcc.h:7111:26:LL_RCC_IC10_IsEnabled	4	static
../../Drivers/STM32N6xx_HAL_Driver/Inc/stm32n6xx_ll_rcc.h:7140:26:LL_RCC_IC10_GetSource	4	static
../../Drivers/STM32N6xx_HAL_Driver/Inc/stm32n6xx_ll_rcc.h:7161:26:LL_RCC_IC10_GetDivider	4	static
../../Drivers/STM32N6xx_HAL_Driver/Inc/stm32n6xx_ll_rcc.h:7251:22:LL_RCC_IC12_Enable	4	static
../../Drivers/STM32N6xx_HAL_Driver/Inc/stm32n6xx_ll_rcc.h:7271:26:LL_RCC_IC12_IsEnabled	4	static
../../Drivers/STM32N6xx_HAL_Driver/Inc/stm32n6xx_ll_rcc.h:7300:26:LL_RCC_IC12_GetSource	4	static
../../Drivers/STM32N6xx_HAL_Driver/Inc/stm32n6xx_ll_rcc.h:7321:26:LL_RCC_IC12_GetDivider	4	static
../../Drivers/STM32N6xx_HAL_Driver/Inc/stm32n6xx_ll_rcc.h:7331:22:LL_RCC_IC13_Enable	4	static
../../Drivers/STM32N6xx_HAL_Driver/Inc/stm32n6xx_ll_rcc.h:7351:26:LL_RCC_IC13_IsEnabled	4	static
../../Drivers/STM32N6xx_HAL_Driver/Inc/stm32n6xx_ll_rcc.h:7380:26:LL_RCC_IC13_GetSource	4	static
../../Drivers/STM32N6xx_HAL_Driver/Inc/stm32n6xx_ll_rcc.h:7401:26:LL_RCC_IC13_GetDivider	4	static
../../Drivers/STM32N6xx_HAL_Driver/Inc/stm32n6xx_ll_rcc.h:7411:22:LL_RCC_IC14_Enable	4	static
../../Drivers/STM32N6xx_HAL_Driver/Inc/stm32n6xx_ll_rcc.h:7431:26:LL_RCC_IC14_IsEnabled	4	static
../../Drivers/STM32N6xx_HAL_Driver/Inc/stm32n6xx_ll_rcc.h:7460:26:LL_RCC_IC14_GetSource	4	static
../../Drivers/STM32N6xx_HAL_Driver/Inc/stm32n6xx_ll_rcc.h:7481:26:LL_RCC_IC14_GetDivider	4	static
../../Drivers/STM32N6xx_HAL_Driver/Inc/stm32n6xx_ll_rcc.h:7491:22:LL_RCC_IC15_Enable	4	static
../../Drivers/STM32N6xx_HAL_Driver/Inc/stm32n6xx_ll_rcc.h:7511:26:LL_RCC_IC15_IsEnabled	4	static
../../Drivers/STM32N6xx_HAL_Driver/Inc/stm32n6xx_ll_rcc.h:7540:26:LL_RCC_IC15_GetSource	4	static
../../Drivers/STM32N6xx_HAL_Driver/Inc/stm32n6xx_ll_rcc.h:7561:26:LL_RCC_IC15_GetDivider	4	static
../../Drivers/STM32N6xx_HAL_Driver/Inc/stm32n6xx_ll_rcc.h:7571:22:LL_RCC_IC16_Enable	4	static
../../Drivers/STM32N6xx_HAL_Driver/Inc/stm32n6xx_ll_rcc.h:7591:26:LL_RCC_IC16_IsEnabled	4	static
../../Drivers/STM32N6xx_HAL_Driver/Inc/stm32n6xx_ll_rcc.h:7620:26:LL_RCC_IC16_GetSource	4	static
../../Drivers/STM32N6xx_HAL_Driver/Inc/stm32n6xx_ll_rcc.h:7641:26:LL_RCC_IC16_GetDivider	4	static
../../Drivers/STM32N6xx_HAL_Driver/Inc/stm32n6xx_ll_rcc.h:7651:22:LL_RCC_IC17_Enable	4	static
../../Drivers/STM32N6xx_HAL_Driver/Inc/stm32n6xx_ll_rcc.h:7671:26:LL_RCC_IC17_IsEnabled	4	static
../../Drivers/STM32N6xx_HAL_Driver/Inc/stm32n6xx_ll_rcc.h:7700:26:LL_RCC_IC17_GetSource	4	static
../../Drivers/STM32N6xx_HAL_Driver/Inc/stm32n6xx_ll_rcc.h:7721:26:LL_RCC_IC17_GetDivider	4	static
../../Drivers/STM32N6xx_HAL_Driver/Inc/stm32n6xx_ll_rcc.h:7731:22:LL_RCC_IC18_Enable	4	static
../../Drivers/STM32N6xx_HAL_Driver/Inc/stm32n6xx_ll_rcc.h:7751:26:LL_RCC_IC18_IsEnabled	4	static
../../Drivers/STM32N6xx_HAL_Driver/Inc/stm32n6xx_ll_rcc.h:7780:26:LL_RCC_IC18_GetSource	4	static
../../Drivers/STM32N6xx_HAL_Driver/Inc/stm32n6xx_ll_rcc.h:7801:26:LL_RCC_IC18_GetDivider	4	static
../../Drivers/STM32N6xx_HAL_Driver/Inc/stm32n6xx_ll_rcc.h:7811:22:LL_RCC_IC19_Enable	4	static
../../Drivers/STM32N6xx_HAL_Driver/Inc/stm32n6xx_ll_rcc.h:7831:26:LL_RCC_IC19_IsEnabled	4	static
../../Drivers/STM32N6xx_HAL_Driver/Inc/stm32n6xx_ll_rcc.h:7860:26:LL_RCC_IC19_GetSource	4	static
../../Drivers/STM32N6xx_HAL_Driver/Inc/stm32n6xx_ll_rcc.h:7881:26:LL_RCC_IC19_GetDivider	4	static
../../Drivers/STM32N6xx_HAL_Driver/Inc/stm32n6xx_ll_rcc.h:7891:22:LL_RCC_IC20_Enable	4	static
../../Drivers/STM32N6xx_HAL_Driver/Inc/stm32n6xx_ll_rcc.h:7911:26:LL_RCC_IC20_IsEnabled	4	static
../../Drivers/STM32N6xx_HAL_Driver/Inc/stm32n6xx_ll_rcc.h:7940:26:LL_RCC_IC20_GetSource	4	static
../../Drivers/STM32N6xx_HAL_Driver/Inc/stm32n6xx_ll_rcc.h:7961:26:LL_RCC_IC20_GetDivider	4	static
../../Drivers/STM32N6xx_HAL_Driver/Inc/stm32n6xx_ll_rcc.h:7971:22:LL_RCC_CLKP_Enable	4	static
../../Drivers/STM32N6xx_HAL_Driver/Inc/stm32n6xx_ll_rcc.h:7991:26:LL_RCC_CLKP_IsEnabled	4	static
C:/Users/iniad/STM32CubeIDE/workspace_2/mtk3bsp2_stm32n657/Drivers/STM32N6xx_HAL_Driver/Src/stm32n6xx_hal_rcc_ex.c:128:19:HAL_RCCEx_PeriphCLKConfig	488	static
C:/Users/iniad/STM32CubeIDE/workspace_2/mtk3bsp2_stm32n657/Drivers/STM32N6xx_HAL_Driver/Src/stm32n6xx_hal_rcc_ex.c:2376:6:HAL_RCCEx_GetPeriphCLKConfig	40	static
C:/Users/iniad/STM32CubeIDE/workspace_2/mtk3bsp2_stm32n657/Drivers/STM32N6xx_HAL_Driver/Src/stm32n6xx_hal_rcc_ex.c:2583:10:HAL_RCCEx_GetPeriphCLKFreq	32	static
C:/Users/iniad/STM32CubeIDE/workspace_2/mtk3bsp2_stm32n657/Drivers/STM32N6xx_HAL_Driver/Src/stm32n6xx_hal_rcc_ex.c:2814:10:HAL_RCCEx_GetPLL1CLKFreq	48	static
C:/Users/iniad/STM32CubeIDE/workspace_2/mtk3bsp2_stm32n657/Drivers/STM32N6xx_HAL_Driver/Src/stm32n6xx_hal_rcc_ex.c:2857:10:HAL_RCCEx_GetPLL2CLKFreq	48	static
C:/Users/iniad/STM32CubeIDE/workspace_2/mtk3bsp2_stm32n657/Drivers/STM32N6xx_HAL_Driver/Src/stm32n6xx_hal_rcc_ex.c:2901:10:HAL_RCCEx_GetPLL3CLKFreq	48	static
C:/Users/iniad/STM32CubeIDE/workspace_2/mtk3bsp2_stm32n657/Drivers/STM32N6xx_HAL_Driver/Src/stm32n6xx_hal_rcc_ex.c:2944:10:HAL_RCCEx_GetPLL4CLKFreq	48	static
C:/Users/iniad/STM32CubeIDE/workspace_2/mtk3bsp2_stm32n657/Drivers/STM32N6xx_HAL_Driver/Src/stm32n6xx_hal_rcc_ex.c:2987:10:HAL_RCCEx_GetTIMGFreq	16	static
C:/Users/iniad/STM32CubeIDE/workspace_2/mtk3bsp2_stm32n657/Drivers/STM32N6xx_HAL_Driver/Src/stm32n6xx_hal_rcc_ex.c:3010:6:HAL_RCCEx_WakeUpStopCLKConfig	16	static
C:/Users/iniad/STM32CubeIDE/workspace_2/mtk3bsp2_stm32n657/Drivers/STM32N6xx_HAL_Driver/Src/stm32n6xx_hal_rcc_ex.c:3025:6:HAL_RCCEx_EnableLSECSS	8	static
C:/Users/iniad/STM32CubeIDE/workspace_2/mtk3bsp2_stm32n657/Drivers/STM32N6xx_HAL_Driver/Src/stm32n6xx_hal_rcc_ex.c:3036:6:HAL_RCCEx_DisableLSECSS	8	static
C:/Users/iniad/STM32CubeIDE/workspace_2/mtk3bsp2_stm32n657/Drivers/STM32N6xx_HAL_Driver/Src/stm32n6xx_hal_rcc_ex.c:3050:6:HAL_RCCEx_EnableLSECSS_IT	8	static
C:/Users/iniad/STM32CubeIDE/workspace_2/mtk3bsp2_stm32n657/Drivers/STM32N6xx_HAL_Driver/Src/stm32n6xx_hal_rcc_ex.c:3062:6:HAL_RCCEx_DisableLSECSS_IT	8	static
C:/Users/iniad/STM32CubeIDE/workspace_2/mtk3bsp2_stm32n657/Drivers/STM32N6xx_HAL_Driver/Src/stm32n6xx_hal_rcc_ex.c:3075:6:HAL_RCCEx_ReArmLSECSS	8	static
C:/Users/iniad/STM32CubeIDE/workspace_2/mtk3bsp2_stm32n657/Drivers/STM32N6xx_HAL_Driver/Src/stm32n6xx_hal_rcc_ex.c:3084:6:HAL_RCCEx_LSECSS_IRQHandler	8	static
C:/Users/iniad/STM32CubeIDE/workspace_2/mtk3bsp2_stm32n657/Drivers/STM32N6xx_HAL_Driver/Src/stm32n6xx_hal_rcc_ex.c:3101:13:HAL_RCCEx_LSECSS_Callback	4	static
C:/Users/iniad/STM32CubeIDE/workspace_2/mtk3bsp2_stm32n657/Drivers/STM32N6xx_HAL_Driver/Src/stm32n6xx_hal_rcc_ex.c:3121:19:HAL_RCCEx_PLLSSCGConfig	48	static
C:/Users/iniad/STM32CubeIDE/workspace_2/mtk3bsp2_stm32n657/Drivers/STM32N6xx_HAL_Driver/Src/stm32n6xx_hal_rcc_ex.c:3238:17:RCCEx_GetHCLKFreq	16	static
C:/Users/iniad/STM32CubeIDE/workspace_2/mtk3bsp2_stm32n657/Drivers/STM32N6xx_HAL_Driver/Src/stm32n6xx_hal_rcc_ex.c:3249:17:RCCEx_GetPCLK1Freq	16	static
C:/Users/iniad/STM32CubeIDE/workspace_2/mtk3bsp2_stm32n657/Drivers/STM32N6xx_HAL_Driver/Src/stm32n6xx_hal_rcc_ex.c:3260:17:RCCEx_GetPCLK2Freq	16	static
C:/Users/iniad/STM32CubeIDE/workspace_2/mtk3bsp2_stm32n657/Drivers/STM32N6xx_HAL_Driver/Src/stm32n6xx_hal_rcc_ex.c:3271:17:RCCEx_GetPCLK4Freq	16	static
C:/Users/iniad/STM32CubeIDE/workspace_2/mtk3bsp2_stm32n657/Drivers/STM32N6xx_HAL_Driver/Src/stm32n6xx_hal_rcc_ex.c:3282:17:RCCEx_GetPCLK5Freq	16	static
C:/Users/iniad/STM32CubeIDE/workspace_2/mtk3bsp2_stm32n657/Drivers/STM32N6xx_HAL_Driver/Src/stm32n6xx_hal_rcc_ex.c:3293:17:RCCEx_GetPLLSourceFreq	24	static
C:/Users/iniad/STM32CubeIDE/workspace_2/mtk3bsp2_stm32n657/Drivers/STM32N6xx_HAL_Driver/Src/stm32n6xx_hal_rcc_ex.c:3349:17:RCCEx_CalcPLLFreq	32	static
C:/Users/iniad/STM32CubeIDE/workspace_2/mtk3bsp2_stm32n657/Drivers/STM32N6xx_HAL_Driver/Src/stm32n6xx_hal_rcc_ex.c:3369:17:RCCEx_GetADCCLKFreq	32	static
C:/Users/iniad/STM32CubeIDE/workspace_2/mtk3bsp2_stm32n657/Drivers/STM32N6xx_HAL_Driver/Src/stm32n6xx_hal_rcc_ex.c:3479:17:RCCEx_GetADFCLKFreq	32	static
C:/Users/iniad/STM32CubeIDE/workspace_2/mtk3bsp2_stm32n657/Drivers/STM32N6xx_HAL_Driver/Src/stm32n6xx_hal_rcc_ex.c:3589:17:RCCEx_GetCLKPCLKFreq	24	static
C:/Users/iniad/STM32CubeIDE/workspace_2/mtk3bsp2_stm32n657/Drivers/STM32N6xx_HAL_Driver/Src/stm32n6xx_hal_rcc_ex.c:3778:17:RCCEx_GetCSICLKFreq	16	static
C:/Users/iniad/STM32CubeIDE/workspace_2/mtk3bsp2_stm32n657/Drivers/STM32N6xx_HAL_Driver/Src/stm32n6xx_hal_rcc_ex.c:3819:17:RCCEx_GetDCMIPPCLKFreq	24	static
C:/Users/iniad/STM32CubeIDE/workspace_2/mtk3bsp2_stm32n657/Drivers/STM32N6xx_HAL_Driver/Src/stm32n6xx_hal_rcc_ex.c:3885:17:RCCEx_GetETH1CLKFreq	24	static
C:/Users/iniad/STM32CubeIDE/workspace_2/mtk3bsp2_stm32n657/Drivers/STM32N6xx_HAL_Driver/Src/stm32n6xx_hal_rcc_ex.c:3951:17:RCCEx_GetETH1PTPCLKFreq	24	static
C:/Users/iniad/STM32CubeIDE/workspace_2/mtk3bsp2_stm32n657/Drivers/STM32N6xx_HAL_Driver/Src/stm32n6xx_hal_rcc_ex.c:4017:17:RCCEx_GetFDCANCLKFreq	24	static
C:/Users/iniad/STM32CubeIDE/workspace_2/mtk3bsp2_stm32n657/Drivers/STM32N6xx_HAL_Driver/Src/stm32n6xx_hal_rcc_ex.c:4083:17:RCCEx_GetFMCCLKFreq	24	static
C:/Users/iniad/STM32CubeIDE/workspace_2/mtk3bsp2_stm32n657/Drivers/STM32N6xx_HAL_Driver/Src/stm32n6xx_hal_rcc_ex.c:4174:17:RCCEx_GetI2CCLKFreq	24	static
C:/Users/iniad/STM32CubeIDE/workspace_2/mtk3bsp2_stm32n657/Drivers/STM32N6xx_HAL_Driver/Src/stm32n6xx_hal_rcc_ex.c:4295:17:RCCEx_GetI3CCLKFreq	24	static
C:/Users/iniad/STM32CubeIDE/workspace_2/mtk3bsp2_stm32n657/Drivers/STM32N6xx_HAL_Driver/Src/stm32n6xx_hal_rcc_ex.c:4407:17:RCCEx_GetLPTIMCLKFreq	32	static
C:/Users/iniad/STM32CubeIDE/workspace_2/mtk3bsp2_stm32n657/Drivers/STM32N6xx_HAL_Driver/Src/stm32n6xx_hal_rcc_ex.c:4511:17:RCCEx_GetLPUARTCLKFreq	24	static
C:/Users/iniad/STM32CubeIDE/workspace_2/mtk3bsp2_stm32n657/Drivers/STM32N6xx_HAL_Driver/Src/stm32n6xx_hal_rcc_ex.c:4620:17:RCCEx_GetLTDCCLKFreq	24	static
C:/Users/iniad/STM32CubeIDE/workspace_2/mtk3bsp2_stm32n657/Drivers/STM32N6xx_HAL_Driver/Src/stm32n6xx_hal_rcc_ex.c:4686:17:RCCEx_GetMDFCLKFreq	32	static
C:/Users/iniad/STM32CubeIDE/workspace_2/mtk3bsp2_stm32n657/Drivers/STM32N6xx_HAL_Driver/Src/stm32n6xx_hal_rcc_ex.c:4796:17:RCCEx_GetPSSICLKFreq	24	static
C:/Users/iniad/STM32CubeIDE/workspace_2/mtk3bsp2_stm32n657/Drivers/STM32N6xx_HAL_Driver/Src/stm32n6xx_hal_rcc_ex.c:4860:17:RCCEx_GetRTCCLKFreq	16	static
C:/Users/iniad/STM32CubeIDE/workspace_2/mtk3bsp2_stm32n657/Drivers/STM32N6xx_HAL_Driver/Src/stm32n6xx_hal_rcc_ex.c:4908:17:RCCEx_GetSAICLKFreq	24	static
C:/Users/iniad/STM32CubeIDE/workspace_2/mtk3bsp2_stm32n657/Drivers/STM32N6xx_HAL_Driver/Src/stm32n6xx_hal_rcc_ex.c:5027:17:RCCEx_GetSDMMCCLKFreq	24	static
C:/Users/iniad/STM32CubeIDE/workspace_2/mtk3bsp2_stm32n657/Drivers/STM32N6xx_HAL_Driver/Src/stm32n6xx_hal_rcc_ex.c:5119:17:RCCEx_GetSPDIFRXCLKFreq	24	static
C:/Users/iniad/STM32CubeIDE/workspace_2/mtk3bsp2_stm32n657/Drivers/STM32N6xx_HAL_Driver/Src/stm32n6xx_hal_rcc_ex.c:5230:17:RCCEx_GetSPICLKFreq	24	static
C:/Users/iniad/STM32CubeIDE/workspace_2/mtk3bsp2_stm32n657/Drivers/STM32N6xx_HAL_Driver/Src/stm32n6xx_hal_rcc_ex.c:5415:17:RCCEx_GetUARTCLKFreq	24	static
C:/Users/iniad/STM32CubeIDE/workspace_2/mtk3bsp2_stm32n657/Drivers/STM32N6xx_HAL_Driver/Src/stm32n6xx_hal_rcc_ex.c:5559:17:RCCEx_GetUSARTCLKFreq	24	static
C:/Users/iniad/STM32CubeIDE/workspace_2/mtk3bsp2_stm32n657/Drivers/STM32N6xx_HAL_Driver/Src/stm32n6xx_hal_rcc_ex.c:5700:17:RCCEx_GetOTGPHYCLKFreq	24	static
C:/Users/iniad/STM32CubeIDE/workspace_2/mtk3bsp2_stm32n657/Drivers/STM32N6xx_HAL_Driver/Src/stm32n6xx_hal_rcc_ex.c:5777:17:RCCEx_GetOTGPHYCKREFCLKFreq	24	static
C:/Users/iniad/STM32CubeIDE/workspace_2/mtk3bsp2_stm32n657/Drivers/STM32N6xx_HAL_Driver/Src/stm32n6xx_hal_rcc_ex.c:5824:17:RCCEx_GetXSPICLKFreq	24	static
