../../Drivers/STM32N6xx_HAL_Driver/Inc/stm32n6xx_ll_bus.h:1407:22:LL_AHB4_GRP1_EnableClock	24	static
../../Drivers/STM32N6xx_HAL_Driver/Inc/stm32n6xx_ll_rcc.h:1644:22:LL_RCC_HSE_EnableCSS	4	static
../../Drivers/STM32N6xx_HAL_Driver/Inc/stm32n6xx_ll_rcc.h:1801:26:LL_RCC_HSE_IsReady	4	static
../../Drivers/STM32N6xx_HAL_Driver/Inc/stm32n6xx_ll_rcc.h:1819:22:LL_RCC_HSI_Enable	4	static
../../Drivers/STM32N6xx_HAL_Driver/Inc/stm32n6xx_ll_rcc.h:1829:22:LL_RCC_HSI_Disable	4	static
../../Drivers/STM32N6xx_HAL_Driver/Inc/stm32n6xx_ll_rcc.h:1839:26:LL_RCC_HSI_IsReady	4	static
../../Drivers/STM32N6xx_HAL_Driver/Inc/stm32n6xx_ll_rcc.h:1854:22:LL_RCC_HSI_SetDivider	16	static
../../Drivers/STM32N6xx_HAL_Driver/Inc/stm32n6xx_ll_rcc.h:1868:26:LL_RCC_HSI_GetDivider	4	static
../../Drivers/STM32N6xx_HAL_Driver/Inc/stm32n6xx_ll_rcc.h:1894:22:LL_RCC_HSI_SetCalibTrimming	16	static
../../Drivers/STM32N6xx_HAL_Driver/Inc/stm32n6xx_ll_rcc.h:1953:22:LL_RCC_MSI_Enable	4	static
../../Drivers/STM32N6xx_HAL_Driver/Inc/stm32n6xx_ll_rcc.h:1963:22:LL_RCC_MSI_Disable	4	static
../../Drivers/STM32N6xx_HAL_Driver/Inc/stm32n6xx_ll_rcc.h:1973:26:LL_RCC_MSI_IsReady	4	static
../../Drivers/STM32N6xx_HAL_Driver/Inc/stm32n6xx_ll_rcc.h:1986:22:LL_RCC_MSI_SetFrequency	16	static
../../Drivers/STM32N6xx_HAL_Driver/Inc/stm32n6xx_ll_rcc.h:2025:22:LL_RCC_MSI_SetCalibTrimming	16	static
../../Drivers/STM32N6xx_HAL_Driver/Inc/stm32n6xx_ll_rcc.h:2224:26:LL_RCC_LSE_IsReady	4	static
../../Drivers/STM32N6xx_HAL_Driver/Inc/stm32n6xx_ll_rcc.h:2274:22:LL_RCC_LSI_Enable	4	static
../../Drivers/STM32N6xx_HAL_Driver/Inc/stm32n6xx_ll_rcc.h:2284:22:LL_RCC_LSI_Disable	4	static
../../Drivers/STM32N6xx_HAL_Driver/Inc/stm32n6xx_ll_rcc.h:2294:26:LL_RCC_LSI_IsReady	4	static
../../Drivers/STM32N6xx_HAL_Driver/Inc/stm32n6xx_ll_rcc.h:2331:26:LL_RCC_GetCpuClkSource	4	static
../../Drivers/STM32N6xx_HAL_Driver/Inc/stm32n6xx_ll_rcc.h:2360:26:LL_RCC_GetSysClkSource	4	static
../../Drivers/STM32N6xx_HAL_Driver/Inc/stm32n6xx_ll_rcc.h:2422:26:LL_RCC_GetAHBPrescaler	4	static
../../Drivers/STM32N6xx_HAL_Driver/Inc/stm32n6xx_ll_rcc.h:2459:26:LL_RCC_GetAPB1Prescaler	4	static
../../Drivers/STM32N6xx_HAL_Driver/Inc/stm32n6xx_ll_rcc.h:2496:26:LL_RCC_GetAPB2Prescaler	4	static
../../Drivers/STM32N6xx_HAL_Driver/Inc/stm32n6xx_ll_rcc.h:2533:26:LL_RCC_GetAPB4Prescaler	4	static
../../Drivers/STM32N6xx_HAL_Driver/Inc/stm32n6xx_ll_rcc.h:2570:26:LL_RCC_GetAPB5Prescaler	4	static
../../Drivers/STM32N6xx_HAL_Driver/Inc/stm32n6xx_ll_rcc.h:2594:22:LL_RCC_EnableMCO	16	static
../../Drivers/STM32N6xx_HAL_Driver/Inc/stm32n6xx_ll_rcc.h:2673:22:LL_RCC_ConfigMCO	16	static
../../Drivers/STM32N6xx_HAL_Driver/Inc/stm32n6xx_ll_rcc.h:4991:26:LL_RCC_PLL1_GetSource	4	static
../../Drivers/STM32N6xx_HAL_Driver/Inc/stm32n6xx_ll_rcc.h:5022:26:LL_RCC_PLL1_IsReady	4	static
../../Drivers/STM32N6xx_HAL_Driver/Inc/stm32n6xx_ll_rcc.h:5054:26:LL_RCC_PLL1_IsEnabledBypass	4	static
../../Drivers/STM32N6xx_HAL_Driver/Inc/stm32n6xx_ll_rcc.h:5341:26:LL_RCC_PLL2_GetSource	4	static
../../Drivers/STM32N6xx_HAL_Driver/Inc/stm32n6xx_ll_rcc.h:5372:26:LL_RCC_PLL2_IsReady	4	static
../../Drivers/STM32N6xx_HAL_Driver/Inc/stm32n6xx_ll_rcc.h:5404:26:LL_RCC_PLL2_IsEnabledBypass	4	static
../../Drivers/STM32N6xx_HAL_Driver/Inc/stm32n6xx_ll_rcc.h:5691:26:LL_RCC_PLL3_GetSource	4	static
../../Drivers/STM32N6xx_HAL_Driver/Inc/stm32n6xx_ll_rcc.h:5722:26:LL_RCC_PLL3_IsReady	4	static
../../Drivers/STM32N6xx_HAL_Driver/Inc/stm32n6xx_ll_rcc.h:5754:26:LL_RCC_PLL3_IsEnabledBypass	4	static
../../Drivers/STM32N6xx_HAL_Driver/Inc/stm32n6xx_ll_rcc.h:6041:26:LL_RCC_PLL4_GetSource	4	static
../../Drivers/STM32N6xx_HAL_Driver/Inc/stm32n6xx_ll_rcc.h:6072:26:LL_RCC_PLL4_IsReady	4	static
../../Drivers/STM32N6xx_HAL_Driver/Inc/stm32n6xx_ll_rcc.h:6104:26:LL_RCC_PLL4_IsEnabledBypass	4	static
../../Drivers/STM32N6xx_HAL_Driver/Inc/stm32n6xx_ll_rcc.h:6371:22:LL_RCC_IC1_Enable	4	static
../../Drivers/STM32N6xx_HAL_Driver/Inc/stm32n6xx_ll_rcc.h:6420:26:LL_RCC_IC1_GetSource	4	static
../../Drivers/STM32N6xx_HAL_Driver/Inc/stm32n6xx_ll_rcc.h:6441:26:LL_RCC_IC1_GetDivider	4	static
../../Drivers/STM32N6xx_HAL_Driver/Inc/stm32n6xx_ll_rcc.h:6500:26:LL_RCC_IC2_GetSource	4	static
../../Drivers/STM32N6xx_HAL_Driver/Inc/stm32n6xx_ll_rcc.h:6521:26:LL_RCC_IC2_GetDivider	4	static
../../Drivers/STM32N6xx_HAL_Driver/Inc/stm32n6xx_ll_rcc.h:6691:22:LL_RCC_IC5_Enable	4	static
../../Drivers/STM32N6xx_HAL_Driver/Inc/stm32n6xx_ll_rcc.h:6820:26:LL_RCC_IC6_GetSource	4	static
../../Drivers/STM32N6xx_HAL_Driver/Inc/stm32n6xx_ll_rcc.h:6841:26:LL_RCC_IC6_GetDivider	4	static
../../Drivers/STM32N6xx_HAL_Driver/Inc/stm32n6xx_ll_rcc.h:7091:22:LL_RCC_IC10_Enable	4	static
../../Drivers/STM32N6xx_HAL_Driver/Inc/stm32n6xx_ll_rcc.h:7220:26:LL_RCC_IC11_GetSource	4	static
../../Drivers/STM32N6xx_HAL_Driver/Inc/stm32n6xx_ll_rcc.h:7241:26:LL_RCC_IC11_GetDivider	4	static
../../Drivers/STM32N6xx_HAL_Driver/Inc/stm32n6xx_ll_rcc.h:7491:22:LL_RCC_IC15_Enable	4	static
../../Drivers/STM32N6xx_HAL_Driver/Inc/stm32n6xx_ll_rcc.h:7891:22:LL_RCC_IC20_Enable	4	static
../../Drivers/STM32N6xx_HAL_Driver/Inc/stm32n6xx_ll_rcc.h:8110:22:LL_RCC_ClearFlag_HSECSS	4	static
../../Drivers/STM32N6xx_HAL_Driver/Inc/stm32n6xx_ll_rcc.h:8230:26:LL_RCC_IsActiveFlag_HSECSS	4	static
C:/Users/iniad/STM32CubeIDE/workspace_2/mtk3bsp2_stm32n657/Drivers/STM32N6xx_HAL_Driver/Src/stm32n6xx_hal_rcc.c:226:19:HAL_RCC_DeInit	16	static
C:/Users/iniad/STM32CubeIDE/workspace_2/mtk3bsp2_stm32n657/Drivers/STM32N6xx_HAL_Driver/Src/stm32n6xx_hal_rcc.c:355:19:HAL_RCC_OscConfig	144	static
C:/Users/iniad/STM32CubeIDE/workspace_2/mtk3bsp2_stm32n657/Drivers/STM32N6xx_HAL_Driver/Src/stm32n6xx_hal_rcc.c:886:19:HAL_RCC_ClockConfig	24	static
C:/Users/iniad/STM32CubeIDE/workspace_2/mtk3bsp2_stm32n657/Drivers/STM32N6xx_HAL_Driver/Src/stm32n6xx_hal_rcc.c:1219:6:HAL_RCC_MCOConfig	48	static
C:/Users/iniad/STM32CubeIDE/workspace_2/mtk3bsp2_stm32n657/Drivers/STM32N6xx_HAL_Driver/Src/stm32n6xx_hal_rcc.c:1312:6:HAL_RCC_EnableCSS	8	static
C:/Users/iniad/STM32CubeIDE/workspace_2/mtk3bsp2_stm32n657/Drivers/STM32N6xx_HAL_Driver/Src/stm32n6xx_hal_rcc.c:1351:10:HAL_RCC_GetCpuClockFreq	16	static
C:/Users/iniad/STM32CubeIDE/workspace_2/mtk3bsp2_stm32n657/Drivers/STM32N6xx_HAL_Driver/Src/stm32n6xx_hal_rcc.c:1440:10:HAL_RCC_GetSysClockFreq	16	static
C:/Users/iniad/STM32CubeIDE/workspace_2/mtk3bsp2_stm32n657/Drivers/STM32N6xx_HAL_Driver/Src/stm32n6xx_hal_rcc.c:1477:10:HAL_RCC_GetNPUClockFreq	16	static
C:/Users/iniad/STM32CubeIDE/workspace_2/mtk3bsp2_stm32n657/Drivers/STM32N6xx_HAL_Driver/Src/stm32n6xx_hal_rcc.c:1515:10:HAL_RCC_GetNPURAMSClockFreq	16	static
C:/Users/iniad/STM32CubeIDE/workspace_2/mtk3bsp2_stm32n657/Drivers/STM32N6xx_HAL_Driver/Src/stm32n6xx_hal_rcc.c:1524:10:HAL_RCC_GetHCLKFreq	16	static
C:/Users/iniad/STM32CubeIDE/workspace_2/mtk3bsp2_stm32n657/Drivers/STM32N6xx_HAL_Driver/Src/stm32n6xx_hal_rcc.c:1535:10:HAL_RCC_GetPCLK1Freq	16	static
C:/Users/iniad/STM32CubeIDE/workspace_2/mtk3bsp2_stm32n657/Drivers/STM32N6xx_HAL_Driver/Src/stm32n6xx_hal_rcc.c:1547:10:HAL_RCC_GetPCLK2Freq	16	static
C:/Users/iniad/STM32CubeIDE/workspace_2/mtk3bsp2_stm32n657/Drivers/STM32N6xx_HAL_Driver/Src/stm32n6xx_hal_rcc.c:1559:10:HAL_RCC_GetPCLK4Freq	16	static
C:/Users/iniad/STM32CubeIDE/workspace_2/mtk3bsp2_stm32n657/Drivers/STM32N6xx_HAL_Driver/Src/stm32n6xx_hal_rcc.c:1571:10:HAL_RCC_GetPCLK5Freq	16	static
C:/Users/iniad/STM32CubeIDE/workspace_2/mtk3bsp2_stm32n657/Drivers/STM32N6xx_HAL_Driver/Src/stm32n6xx_hal_rcc.c:1584:6:HAL_RCC_GetOscConfig	24	static
C:/Users/iniad/STM32CubeIDE/workspace_2/mtk3bsp2_stm32n657/Drivers/STM32N6xx_HAL_Driver/Src/stm32n6xx_hal_rcc.c:1794:6:HAL_RCC_GetClockConfig	24	static
C:/Users/iniad/STM32CubeIDE/workspace_2/mtk3bsp2_stm32n657/Drivers/STM32N6xx_HAL_Driver/Src/stm32n6xx_hal_rcc.c:1857:6:HAL_RCC_NMI_IRQHandler	8	static
C:/Users/iniad/STM32CubeIDE/workspace_2/mtk3bsp2_stm32n657/Drivers/STM32N6xx_HAL_Driver/Src/stm32n6xx_hal_rcc.c:1874:13:HAL_RCC_CSSCallback	4	static
C:/Users/iniad/STM32CubeIDE/workspace_2/mtk3bsp2_stm32n657/Drivers/STM32N6xx_HAL_Driver/Src/stm32n6xx_hal_rcc.c:1918:6:HAL_RCC_ConfigAttributes	16	static
C:/Users/iniad/STM32CubeIDE/workspace_2/mtk3bsp2_stm32n657/Drivers/STM32N6xx_HAL_Driver/Src/stm32n6xx_hal_rcc.c:1971:19:HAL_RCC_GetConfigAttributes	32	static
C:/Users/iniad/STM32CubeIDE/workspace_2/mtk3bsp2_stm32n657/Drivers/STM32N6xx_HAL_Driver/Src/stm32n6xx_hal_rcc.c:2038:17:RCC_GetSysClockFreq	24	static
C:/Users/iniad/STM32CubeIDE/workspace_2/mtk3bsp2_stm32n657/Drivers/STM32N6xx_HAL_Driver/Src/stm32n6xx_hal_rcc.c:2100:26:RCC_PLL_Config	40	static
C:/Users/iniad/STM32CubeIDE/workspace_2/mtk3bsp2_stm32n657/Drivers/STM32N6xx_HAL_Driver/Src/stm32n6xx_hal_rcc.c:2251:26:RCC_PLL_Enable	24	static
C:/Users/iniad/STM32CubeIDE/workspace_2/mtk3bsp2_stm32n657/Drivers/STM32N6xx_HAL_Driver/Src/stm32n6xx_hal_rcc.c:2281:17:RCC_PLL_IsNewConfig	40	static
C:/Users/iniad/STM32CubeIDE/workspace_2/mtk3bsp2_stm32n657/Drivers/STM32N6xx_HAL_Driver/Src/stm32n6xx_hal_rcc.c:2348:17:RCC_PLL_Source_IsReady	24	static
C:/Users/iniad/STM32CubeIDE/workspace_2/mtk3bsp2_stm32n657/Drivers/STM32N6xx_HAL_Driver/Src/stm32n6xx_hal_rcc.c:2388:17:RCC_IC_CheckPLLSources	24	static
C:/Users/iniad/STM32CubeIDE/workspace_2/mtk3bsp2_stm32n657/Drivers/STM32N6xx_HAL_Driver/Src/stm32n6xx_hal_rcc.c:2496:13:RCC_ATTR_ConfigItemGroup	32	static
